sent to Prof. Laurent El Ghaoui <elghaoui@berkeley.edu>
sent to Prof. Dale Schuurmans <dale@cs.ualberta.ca>
sent to Prof. Neil Lawrence <n.lawrence@dcs.shef.ac.uk>
sent to Dr. Phil Long <plong@microsoft.com>
sent to Prof. Lieven Vandenberghe <vandenbe@ee.ucla.edu>
sent to Dr. Deniz Gunduz <d.gunduz@imperial.ac.uk>
sent to Prof. Michael Langberg <mikel@buffalo.edu>
sent to Prof. Yaniv Plan <yaniv@math.ubc.ca>
sent to Dr. Irwin Jacobs <ita+default_email.Jacobs.Irwin.686@ucsd.edu>
sent to Dr. Vasanthan Raghavan <vasanth_295@yahoo.com>
sent to Prof. Chandra Nair <chandra.nair@gmail.com>
sent to Prof. Lara Dolecek <dolecek@ee.ucla.edu>
sent to Dr. Ramji Venkataramanan <vramji@gmail.com>
sent to Dr. Asaf Cohen <coasaf@bgu.ac.il>
sent to Dr. Raul Etkin <raul.etkin@hp.com>
sent to Prof. Anand Sarwate <anand.sarwate@rutgers.edu>
sent to Prof. Konstantinos Psounis <kpsounis@usc.edu>
sent to Prof. Atilla Eryilmaz <eryilmaz.2@osu.edu>
sent to Dr. John Langford <jl@hunch.net>
sent to Prof. Sinan Gunturk <gunturk@cims.nyu.edu>
sent to Dr. Ofer Shayevitz <ofersha@eng.tau.ac.il>
sent to Prof. Dominique Perrin <perrin@igm.univ-mlv.fr>
sent to Dr. Sung Hoon Lim <sung.lim@epfl.ch>
sent to Prof. Paul Cuff <cuff@princeton.edu>
sent to Prof. Haim Permuter <haimp@bgu.ac.il>
sent to Dr. Jacob Abernethy <jabernet@umich.edu>
sent to Prof. Joerg Kliewer <jkliewer@njit.edu>
sent to Prof. Bhaskar Krishnamachari <bkrishna@usc.edu>
sent to Prof. K.A.S. Immink <immink@turing-machines.com>
sent to Prof. Paolo Minero <pminero@nd.edu>
sent to Prof. Yoram Bresler <ybresler@uiuc.edu>
sent to Mr. Li-Hsiang Sun <lsun@lge.com>
sent to Prof. Ronny Roth <ronny@cs.technion.ac.il>
sent to Prof. Bixio Rimoldi <bixio.rimoldi@epfl.ch>
sent to Dr. Marc Lelarge <marc.lelarge@ens.fr>
sent to Dr. Sharon Aviran <saviran@berkeley.edu>
sent to Prof. Daniel Hsu <djhsu@cs.columbia.edu>
sent to Dr. Jon Hamkins <jon.hamkins@jpl.nasa.gov>
sent to Prof. Desmond Lun <desmond.lun@unisa.edu.au>
sent to Prof. Sang-Woon Jeon <sangwoonjeon@hanyang.ac.kr>
sent to Dr. Shadi Abu-Surra <shadi.as@samsung.com>
sent to Prof. Aria Nosratinia <aria@utdallas.edu>
sent to Prof. Alex Dimakis <dimakis@austin.utexas.edu>
sent to Prof. Dapeng Oliver Wu <wu@ece.ufl.edu>
sent to Prof. Bobak Nazer <bobak@bu.edu>
sent to Prof. Lei Ying <lei.ying.2@asu.edu>
sent to Dr. Vinod Prabhakaran <vinodmp@tifr.res.in>
sent to Prof. Yonina Eldar <yonina@ee.technion.ac.il>
sent to Prof. Cong Shen <congshen@ustc.edu.cn>
sent to Prof. Kwang Bok Lee <klee@snu.ac.kr>
sent to Dr. Shashi Kiran Chilappagari <shashickiran@gmail.com>
sent to Prof. Michael Rabbat <michael.rabbat@mcgill.ca>
sent to Prof. Ayalvadi Ganesh <a.ganesh@bristol.ac.uk>
sent to Prof. Azadeh Vosoughi <azadeh@ucf.edu>
sent to Prof. Benjamin Van Roy <bvr@stanford.edu>
sent to Dr. Michele Franceschini <michele.fra@gmail.com>
sent to Dr. Rathinakumar Appuswamy <rathnam.ucsd@gmail.com>
sent to Dr. Nakul Verma <nakulverma@gmail.com>
sent to Prof. Karl Aberer <chantal.menghini@epfl.ch>
sent to Prof. Claire Monteleoni <cmontel@gwu.edu>
sent to Prof. Shuguang Cui <sgcui@ucdavis.edu>
sent to Prof. Matthieu Bloch <matthieu.bloch@ece.gatech.edu>
sent to Prof. Hulya Seferoglu <hulya@uic.edu>
sent to Prof. Yi Lu <yilu4@illinois.edu>
sent to Dr. Yuriy Reznik <yuriy.reznik@interdigital.com>
sent to Prof. Yury Makarychev <yury@ttic.edu>
sent to Prof. Eitan Yaakobi <yaakobi@gmail.com>
sent to Mr. Erik Miller <emiller@qualcomm.com>
sent to Prof. Serdar Yuksel <yuksel@mast.queensu.ca>
sent to Prof. Amir Dembo <amir@stat.stanford.edu>
sent to Prof. Petros Elia <elia@eurecom.fr>
sent to Prof. Moshe Schwartz <schwartz@ee.bgu.ac.il>
sent to Prof. Yuval Cassuto <ycassuto@ee.technion.ac.il>
sent to Mr. Rodrigo Barreto <umbro68@gmail.com>
sent to Prof. Andrew Ng <ang@cs.stanford.edu>
sent to Prof. Viveck Cadambe <viveck@engr.psu.edu>
sent to Prof. Neri Merhav <merhav@ee.technion.ac.il>
sent to Prof. Venkat Anantharam <ananth@eecs.berkeley.edu>
sent to Dr. Xin-Wen Wu <x.wu@griffith.edu.au>
sent to Prof. Dean Foster <dean@foster.net>
sent to Prof. Aleksandar Kavcic <kavcic@hawaii.edu>
sent to Prof. Osvaldo Simeone <osvaldo.simeone@kcl.ac.uk>
sent to Dr. Cong Ling <c.ling@imperial.ac.uk>
sent to Prof. Yair Weiss <yweiss@cs.huji.ac.il>
sent to Dr. Tom Richardson <tomr@qti.qualcomm.com>
sent to Prof. Qing Zhao <qz16@cornell.edu>
sent to Prof. Yannis Paschalidis <yannisp@bu.edu>
sent to Prof. Ravi Mazumdar <mazum@eceweb.uwaterloo.ca>
sent to Prof. Asu Ozdaglar <asuman@mit.edu>
sent to Prof. Anna Gilbert <annacg@umich.edu>
sent to Prof. Justin Romberg <jrom@ece.gatech.edu>
sent to Prof. Michael Wakin <mwakin@mines.edu>
sent to Dr. Shashi Borade <spb@alum.mit.edu>
sent to Prof. Luiz DaSilva <dasilval@tcd.ie>
sent to Prof. David Love <djlove@ecn.purdue.edu>
sent to Prof. Alfred Hero <hero@eecs.umich.edu>
sent to Dr. Onkar Dabeer <onkardabeer@gmail.com>
sent to Prof. Chris Wiggins <chris.wiggins@columbia.edu>
sent to Prof. Rahul Jain <rahul.jain@usc.edu>
sent to Prof. Toby Berger <tb6n@eservices.virginia.edu>
sent to Dr. John Cozzens <jcozzens@nsf.gov>
sent to Prof. Lior Pachter <lpachter@math.berkeley.edu>
sent to Prof. John Musacchio <johnm@soe.ucsc.edu>
sent to Dr. Alina Beygelzimer <beygel.miscellany@gmail.com>
sent to Prof. Tony Jebara <jebara@cs.columbia.edu>
sent to Prof. Sayan Mukherjee <sayan@stat.duke.edu>
sent to Prof. Shie Mannor <shie@ee.technion.ac.il>
sent to Prof. Pietro Perona <perona@caltech.edu>
sent to Dr. Malcolm Slaney <malcolm@ieee.org>
sent to Prof. Francesco Bullo <bullo@engineering.ucsb.edu>
sent to Dr. Baback Moghaddam <baback@jpl.nasa.gov>
sent to Prof. Lang Tong <ltong@ece.cornell.edu>
sent to Prof. Behnaam Aazhang <aaz@rice.edu>
sent to Prof. Emmanuel Abbe <eabbe@princeton.edu>
sent to Prof. David Gesbert <gesbert@eurecom.fr>
sent to Dr. Joy Thomas <joy@stratify.com>
sent to Prof. Srinivas Shakkottai <sshakkot@tamu.edu>
sent to Prof. Pieter Abbeel <pabbeel@cs.berkeley.edu>
sent to Dr. Debasis Mitra <mitra@research.bell-labs.com>
sent to Prof. Tie Liu <tieliu.tamu@gmail.com>
sent to Prof. Minh Do <minhdo@illinois.edu>
sent to Prof. Brendan Frey <frey@psi.utoronto.ca>
sent to Prof. Faramarz Fekri <fekri@ece.gatech.edu>
sent to Prof. Vahid Tarokh <vahid@deas.harvard.edu>
sent to Prof. Jean-Francois Chamberland <chmbrlnd@tamu.edu>
sent to Prof. Madhur Tulsiani <madhur@ttic.edu>
sent to Prof. Oliver Collins <ocollins@nd.edu>
sent to Prof. Keith Chugg <chugg@usc.edu>
sent to Prof. Ali Jadbabaie <jadbabai@seas.upenn.edu>
sent to Prof. George Pappas <pappasg@seas.upenn.edu>
sent to Prof. Bassam Bamieh <bamieh@engineering.ucsb.edu>
sent to Prof. Aditya Mahajan <aditya.mahajan@mcgill.ca>
sent to Prof. Ugo Vaccaro <uvaccaro@unisa.it>
sent to Prof. Xinmiao Zhang <zhang.8952@osu.edu>
sent to Dr. Cynthia Dwork <dwork@microsoft.com>
sent to Prof. Moses Charikar <moses@cs.princeton.edu>
sent to Prof. Kenji Yamanishi <yamanishi@attmist.i.u-tokyo.ac.jp>
sent to Dr. Wei Dai <wei.dai1@imperial.ac.uk>
sent to Dr. Shirin Jalali <jalali.shirin@gmail.com>
sent to Prof. Arian Maleki <arian.maleki@gmail.com>
sent to Prof. Salman Avestimehr <avestimehr@ee.usc.edu>
sent to Prof. Chao Tian <chao.tian@utk.edu>
sent to Prof. Ashish Khisti <akhisti@comm.utoronto.ca>
sent to Mr. Erez Louidor <erez@math.ubc.ca>
sent to Prof. Yue Lu <yuelu@seas.harvard.edu>
sent to Dr. Dayu Huang <huang@ge.com>
sent to Prof. Zhi Ding <zding@ucdavis.edu>
sent to Dr. Wenyi Zhang <wenyizha@ustc.edu.cn>
sent to Prof. C. Emre Koksal <koksal.2@osu.edu>
sent to Dr. Phillip Regalia <pregalia@nsf.gov>
sent to Dr. Dmitry Trukhachev <dmitry@dal.ca>
sent to Prof. Mohsen Bayati <bayati@stanford.edu>
sent to Prof. Thomas Courtade <courtade@eecs.berkeley.edu>
sent to Prof. Yao Xie <yao.c.xie@gmail.com>
sent to Dr. Bernd Bandemer <bandemer@gmail.com>
sent to Prof. Joel Tropp <jtropp@acm.caltech.edu>
sent to Prof. Aydin Sezgin <aydin.sezgin@rub.de>
sent to Dr. Mohammad Naghshvar <m.naghshvar@yahoo.com>
sent to Prof. Yeung Yam <yyam@mae.cuhk.edu.hk>
sent to Dr. David Baylon <david.baylon@motorola.com>
sent to Prof. Lijun Chen <lijun.chen@colorado.edu>
sent to Prof. Hessam Mahdavifar <hessam@umich.edu>
sent to Dr. Rui Castro <rmcastro@tue.nl>
sent to Prof. Michele Zorzi <zorzi@dei.unipd.it>
sent to Prof. Pedro Domingos <pedrod@cs.washington.edu>
sent to Dr. Giorgio Quer <gquer@ucsd.edu>
sent to Dr. Konstantinos Stamatiou <kostastamatiou@gmail.com>
sent to Dr. Jayadev Acharya <acharya@cornell.edu>
sent to Prof. Jeff Shamma <shamma@gatech.edu>
sent to Dr. George Mathew <mathewga@utrc.utc.com>
sent to Dr. Jungwon Lee <jungwon2.lee@samsung.com>
sent to Prof. Weiyu Xu <weiyu-xu@uiowa.edu>
sent to Dr. Christopher Lott <clott@qti.qualcomm.com>
sent to Dr. Javier Movellan <movellan@mplab.ucsd.edu>
sent to Prof. Gianluigi Ferrari <gianluigi.ferrari@unipr.it>
sent to Prof. Marc Riedel <mriedel@umn.edu>
sent to Prof. Vinod Vaikuntanathan <vinodv@csail.mit.edu>
sent to Prof. Dror Baron <barondror@gmail.com>
sent to Prof. Joelle Pineau <jpineau@cs.mcgill.ca>
sent to Prof. Joon Ho Cho <jcho@postech.ac.kr>
sent to Prof. Rong-Rong Chen <rchen@ece.utah.edu>
sent to Prof. Arogyaswami Paulraj <apaulraj@stanford.edu>
sent to Dr. Michael Lentmaier <michael.lentmaier@ifn.et.tu-dresden.de>
sent to Prof. Wayne Stark <stark@eecs.umich.edu>
sent to Prof. Christos Papadimitriou <christos@cs.berkeley.edu>
sent to Prof. Umesh Vazirani <vazirani@cs.berkeley.edu>
sent to Prof. Piotr Indyk <indyk@theory.lcs.mit.edu>
sent to Prof. Madhu Sudan <madhu@cs.harvard.edu>
sent to Prof. Robert Schapire <schapire@cs.princeton.edu>
sent to Prof. Joachim Buhmann <jbuhmann@inf.ethz.ch>
sent to Prof. Noga Alon <noga@math.tau.ac.il>
sent to Prof. Leonard Schulman <schulman@caltech.edu>
sent to Dr. Neil Sloane <njas@research.att.com>
sent to Prof. Ali Tajer <satajer@gmail.com>
sent to Prof. Amos Lapidoth <lapidoth@isi.ee.ethz.ch>
sent to Prof. Amin Shokrollahi <amin.shokrollahi@epfl.ch>
sent to Prof. Dimitris Achlioptas <optas@cs.ucsc.edu>
sent to Dr. Ken Clarkson <ken.clarkson@gmail.com>
sent to Prof. Ashish Goel <ashishg@stanford.edu>
sent to Prof. Jason Hartline <hartline@eecs.northwestern.edu>
sent to Prof. Sandy Irani <irani@ics.uci.edu>
sent to Dr. Kamal Jain <kamalj@microsoft.com>
sent to Dr. Satyen Kale <satyen@satyenkale.com>
sent to Prof. James Lee <jrl@cs.washington.edu>
sent to Prof. Michael Mahoney <mmahoney@stat.berkeley.edu>
sent to Prof. Tim Roughgarden <tim@cs.stanford.edu>
sent to Prof. Amin Saberi <saberi@stanford.edu>
sent to Prof. Martin Strauss <martinjs@umich.edu>
sent to Prof. Chris Umans <umans@cs.caltech.edu>
sent to Prof. Xiaojun Lin <linx@ecn.purdue.edu>
sent to Prof. Alejandro Ribeiro <aribeiro@seas.upenn.edu>
sent to Prof. Maxim Raginsky <maxim@illinois.edu>
sent to Prof. Mihaela van der Schaar <mihaela@ee.ucla.edu>
sent to Prof. Alexandre Graell i Amat <alexandre.graell@chalmers.se>
sent to Prof. Constantinos Daskalakis <costis@csail.mit.edu>
sent to Prof. Anna Gal <panni@cs.utexas.edu>
sent to Prof. Sharad Goel <scgoel@stanford.edu>
sent to Prof. Sanjeev Khanna <sanjeev@cis.upenn.edu>
sent to Prof. Samir Khuller <samir@cs.umd.edu>
sent to Prof. Anxiao Jiang <ajiang@cse.tamu.edu>
sent to Prof. Valerie King <val@uvic.ca>
sent to Prof. Toniann Pitassi <toni@cs.toronto.edu>
sent to Prof. Neal Young <neal@cs.ucr.edu>
sent to Prof. David Zuckerman <diz@cs.utexas.edu>
sent to Dr. Akiko Manada <amanada@uec.ac.jp>
sent to Dr. Yi Ma <mayi@microsoft.com>
sent to Dr. Yael Tauman Kalai <yaelism@gmail.com>
sent to Prof. David Kempe <dkempe@usc.edu>
sent to Dr. Sandra Zilles <zilles@cs.uregina.ca>
sent to Prof. Sean Hallgren <hallgren@cse.psu.edu>
sent to Prof. Yue Zhao <yue.zhao.2@stonybrook.edu>
sent to Prof. Nicole Immorlica <nicimm@gmail.com>
sent to Prof. Robert Kleinberg <rdk@cs.cornell.edu>
sent to Prof. Francesca Chiaromonte <chiaro@stat.psu.edu>
sent to Prof. Joao Hespanha <hespanha@ece.ucsb.edu>
sent to Prof. Christine Kelley <ckelley2@math.unl.edu>
sent to Prof. Geert Leus <g.j.t.leus@tudelft.nl>
sent to Dr. Alexandre Proutiere <alexandre.proutiere@microsoft.com>
sent to Prof. Ramesh Johari <ramesh.johari@stanford.edu>
sent to Prof. Judy Walker <jwalker7@math.unl.edu>
sent to Prof. Michael O'Sullivan <mosullivan@mail.sdsu.edu>
sent to Prof. Stephen Hanly <stephen.hanly@mq.edu.au>
sent to Dr. Tingfang Ji <tji@qti.qualcomm.com>
sent to Prof. Alexander Rakhlin <rakhlin@wharton.upenn.edu>
sent to Dr. Shai Shalev-Shwartz <shais@cs.huji.ac.il>
sent to Prof. Sarah Kate Wilson <skwilson@scu.edu>
sent to Prof. Thomas Hayes <hayes@cs.unm.edu>
sent to Dr. Deepak Agarwal <dagarwal@linkedin.com>
sent to Prof. Amir Globerson <gamir@csail.mit.edu>
sent to Prof. Fei Sha <feisha@usc.edu>
sent to Prof. Christian Shelton <cshelton@cs.ucr.edu>
sent to Prof. Anupam Gupta <anupamg@cs.cmu.edu>
sent to Dr. Adam Kalai <adum@microsoft.com>
sent to Prof. Adam Klivans <klivans@cs.utexas.edu>
sent to Prof. Angelia Nedich <angelia.nedich@asu.edu>
sent to Prof. Chung G. Kang <ccgkang@korea.ac.kr>
sent to Dr. Payam Pakzad <payam@pakzad.us>
sent to Prof. Uri Erez <uri@eng.tau.ac.il>
sent to Prof. Ohad Shamir <ohad.shamir@weizmann.ac.il>
sent to Prof. James Sharpnack <jsharpna@gmail.com>
sent to Dr. Hui Jin <h.jin@ flarion.com>
sent to Prof. Yong-Hwan Lee <ylee@snu.ac.kr>
sent to Dr. Anirban Dasgupta <anirban.dasgupta@gmail.com>
sent to Prof. Emre Telatar <emre.telatar@epfl.ch>
sent to Prof. Ronitt Rubinfeld <ronitt@csail.mit.edu>
sent to Prof. Elad Hazan <ehazan@cs.princeton.edu>
sent to Prof. Paul Beame <beame@cs.washington.edu>
sent to Prof. Shuchi Chawla <shuchi@cs.wisc.edu>
sent to Dr. Russell Greiner <greiner@cs.ualberta.ca>
sent to Prof. Milena Mihail <mihail@cc.gatech.edu>
sent to Prof. Bella Bose <bose@cs.orst.edu>
sent to Prof. Maria Florina (Nina) Balcan <ninamf@cs.cmu.edu>
sent to Prof. Mark Braverman <mbraverm@cs.princeton.edu>
sent to Prof. Amit Chakrabarti <amit.chakrabarti@dartmouth.edu>
sent to Prof. Shahram Shahbazpanahi <shahram.shahbazpanahi@uoit.ca>
sent to Dr. Graham Cormode <graham@dimacs.rutgers.edu>
sent to Dr. Parikshit Gopalan <parik.g@gmail.com>
sent to Prof. Sudipto Guha <sudipto@cis.upenn.edu>
sent to Prof. Nick Harvey <nickhar@cs.ubc.ca>
sent to Dr. Kunal Talwar <kunal@kunaltalwar.org>
sent to Prof. Amit Sahai <sahai@cs.ucla.edu>
sent to Prof. Vijay Gupta <vgupta2@nd.edu>
sent to Prof. Munther Dahleh <dahleh@mit.edu>
sent to Prof. Robert Scholtz <scholtz@usc.edu>
sent to Prof. Marie-Pierre Béal <marie-pierre.beal@u-pem.fr>
sent to Dr. Robert Bonneau <robert.bonneau@afosr.af.mil>
sent to Dr. Satish Babu Korada <korada@stanford.edu>
sent to Prof. Volkan Cevher <volkan.cevher@epfl.ch>
sent to Dr. Daniil Ryabko <daniil@ryabko.net>
sent to Dr. Mesrob Ohannessian <mesrob@gmail.com>
sent to Prof. Biao Chen <bichen@syr.edu>
sent to Prof. Samory Kpotufe <samory@princeton.edu>
sent to Dr. Sean Ramprashad <ramprash@ieee.org>
sent to Dr. Shrinivas Kudekar <kudekar@gmail.com>
sent to Dr. Byung Yi <byung.yi@interdigital.com>
sent to Prof. Robert Gray <rmgray@stanford.edu>
sent to Prof. Andrea Abrardo <abrardo@dii.unisi.it>
sent to Prof. Michele Wigger <michele.wigger@telecom-paristech.fr>
sent to Dr. Risi Kondor <risi@cs.uchicago.edu>
sent to Mr. Amin Gohari <amin.aminzadeh@gmail.com>
sent to Prof. Jon Kleinberg <kleinber@cs.cornell.edu>
sent to Dr. Steven deRooij <s.de.rooij@cwi.nl>
sent to Prof. Harpreet Dhillon <hdhillon@vt.edu>
sent to Prof. Xin Liu <liu@cs.ucdavis.edu>
sent to Prof. Galen Reeves <galen.reeves@duke.edu>
sent to Dr. Sirin Nitinawarat <sirin.nitinawarat@gmail.com>
sent to Prof. Longbo Huang <longbohuang@tsinghua.edu.cn>
sent to Prof. Jason Marden <jrmarden@ece.ucsb.edu>
sent to Mr. Matus Telgarsky <mtelgars@cs.ucsd.edu>
sent to Prof. Hariharan Narayanan <harin@math.washington.com>
sent to Prof. Jingchen Liu <jcliu@stat.columbia.edu>
sent to Prof. Lav Varshney <varshney@illinois.edu>
sent to Prof. Xiaojin Zhu <jerryzhu@cs.wics.edu>
sent to Prof. Martin Bossert <martin.bossert@uni-ulm.de>
sent to Mr. Minghai Qin <qinminghai@gmail.com>
sent to Dr. Ruslan Salakhutdinov <rsalakhu@cs.toronto.edu>
sent to Prof. Paul Valiant <pvaliant@cs.brown.edu>
sent to Dr. Fernando Pereira <pereira@google.com>
sent to Prof. Shuheng Zhou <shuhengz@umich.edu>
sent to Prof. Sebastien Bubeck <sbubeck@princeton.edu>
sent to Dr. Hemant Thapar <hemantkthapar@gmail.com>
sent to Prof. Katrina Ligett <katrina@caltech.edu>
sent to Dr. Lorenzo Coviello <lorenzocov@google.com>
sent to Dr. Sreechakra Goparaju <sgoparaju@eng.ucsd.edu>
sent to Ms. Lele Wang <glwanglele@gmail.com>
sent to Dr. Mohammad Ali Maddah-Ali <mohammadali.maddah-ali@alcatel-lucent.com>
sent to Mr. Harsha Honnappa <honnappa@usc.edu>
sent to Dr. Vitaly Feldman <vitaly.edu@gmail.com>
sent to Dr. Miroslav Dudik <mdudik@microsoft.com>
sent to Prof. Sewoong Oh <swoh@illinois.edu>
sent to Prof. Antonia Maria Tulino <antoniatulino@gmail.com>
sent to Prof. Dimitris Papailiopoulos <dimitris@papail.io>
sent to Prof. Mark Davenport <mdav@gatech.edu>
sent to Prof. Ido Tal <idotal@ee.technion.ac.il>
sent to Dr. Libin Jiang <lb.jiang@gmail.com>
sent to Prof. Aarti Singh <aartisingh@cmu.edu>
sent to Dr. David Mitchell <dgmm@nmsu.edu>
sent to Dr. Arif Merchant <aamerchant@google.com>
sent to Prof. Sandro Zampieri <sandro.zampieri@dei.unipd.it>
sent to Prof. Francis Bach <francis.bach@inria.fr>
sent to Prof. Brighten Godfrey <pbg@illinois.edu>
sent to Prof. Seth Pettie <pettie@umich.edu>
sent to Dr. George Atia <george.atia@ucf.edu>
sent to Prof. Tamas Linder <linder@mast.queensu.ca>
sent to Prof. Ning Cai <caining@mail.xidian.edu.cn>
sent to Prof. James Storer <storer@brandeis.edu>
sent to Prof. Holger Boche <holger.boche@mk.tu-berlin.de>
sent to Prof. Arya Mazumdar <arya@cs.umass.edu>
sent to Prof. Ashutosh Sabharwal <ashu@rice.edu>
sent to Prof. Habong Chung <habchung@hongik.ac.kr>
sent to Prof. Ginestra Bianconi <ginestra.bianconi@gmail.com>
sent to Dr. Alain Barrat <alain.barrat@gmail.com>
sent to Dr. Yuval Kochman <yuvalko@cs.huji.ac.il>
sent to Prof. Alexander Sherstov <sherstov@cs.ucla.edu>
sent to Dr. Guilhem Semerjian <guilhem@lpt.ens.fr>
sent to Dr. Ciro Cattuto <ciro.cattuto@isi.it>
sent to Prof. Art Owen <owen@stanford.edu>
sent to Dr. Jonathan Yedidia <yedidia@merl.com>
sent to Prof. Don Towsley <towsley@cs.umass.edu>
sent to Dr. Guido Caldarelli <guido.caldarelli@roma1.infn.it>
sent to Dr. Baris Nakiboglu <nakib@mit.edu>
sent to Dr. Jan Ostergaard <janoe@ieee.org>
sent to Dr. Hideki Yagi <yagi@ice.uec.ac.jp>
sent to Dr. Eimear Byrne <ebyrne@ucd.ie>
sent to Mr. Peter Marbach <marbach@cs.toronto.edu>
sent to Prof. Richard La <hyongla@isr.umd.edu>
sent to Dr. Kevin Tang <atang@ece.cornell.edu>
sent to Mr. Lance Fortnow <lance@fortnow.com>
sent to Prof. Amos Beimel <amos.beimel@gmail.com>
sent to Prof. Oliver Kosut <okosut@asu.edu>
sent to Prof. Minghua Chen <minghua@ie.cuhk.edu.hk>
sent to Prof. Pradeep Ravikumar <pradeep.ravikumar@gmail.com>
sent to Dr. Matt Reyes <mgreyes@umich.edu>
sent to Dr. Khaled Abdel-Ghaffar <ghaffar@ece.ucdavis.edu>
sent to Prof. Mor Harchol-Balter <harchol@cs.cmu.edu>
sent to Dr. Aaron Clauset <aaronc@santafe.edu>
sent to Prof. Remi Monasson <monasson@lpt.ens.fr>
sent to Prof. Adilson E. Motter <motter@northwestern.edu>
sent to Dr. Jose Javier Ramasco <jramasco@isi.it>
sent to Dr. Martin Weigt <weigt@isi.it>
sent to Dr. Jake Hofman <jhofman@gmail.com>
sent to Prof. Zoltan Toroczkai <toro@nd.edu>
sent to Prof. Vivek Borkar <borkar.vs@gmail.com>
sent to Dr. Luis Lastras <lastrasl@us.ibm.com>
sent to Dr. Noam Shental <shental@openu.ac.il>
sent to Prof. Joao Barros <jbarros@fe.up.pt>
sent to Prof. Aditya Ramamoorthy <adityar@iastate.edu>
sent to Prof. Li Ping <eeliping@cityu.edu.hk>
sent to Prof. Lifeng Lai <lflai@ucdavis.edu>
sent to Prof. Ada Poon <adapoon@stanford.edu>
sent to Dr. Jinzhu Jia <jzjia@stat.berkeley.edu>
sent to Prof. David Aldous <aldous@stat.berkeley.edu>
sent to Prof. Tamer Basar <basar1@illinois.edu>
sent to Prof. Te-Sun Han <han@hn.is.uec.ac.jp>
sent to Prof. Tor Helleseth <tor.helleseth@uib.no>
sent to Prof. Alex Ihler <ihler@ics.uci.edu>
sent to Dr. Soumya Jana <jana@illinois.edu>
sent to Prof. Vincent Tan <vtan@nus.edu.sg>
sent to Prof. Rolf Johannesson <rolf@eit.lth.se>
sent to Dr. Afshin Rostamizadeh <rostami@google.com>
sent to Prof. John Walsh <jwalsh@ece.drexel.edu>
sent to Dr. Mohammad Mahdian <mahdian@alum.mit.edu>
sent to Prof. Mathew Penrose <m.d.penrose@bath.ac.uk>
sent to Prof. John Villasenor <villa@ee.ucla.edu>
sent to Dr. Eirik Rosnes <eirik@ii.uib.no>
sent to Prof. Inderjit Dhillon <inderjit@cs.utexas.edu>
sent to Prof. Steven Weber <spw26@drexel.edu>
sent to Prof. Natasha Devroye <devroye@uic.edu>
sent to Prof. Soheil Mohajer <soheil@umn.edu>
sent to Dr. Randall Dougherty <rdough@ccrwest.org>
sent to Prof. Max Costa <max@fee.unicamp.br>
sent to Prof. Andrew Bagnell <bagnell2@andrew.cmu.edu>
sent to Prof. Yihong Wu <yihong.wu@yale.edu>
sent to Prof. Sueli Costa <sueli@ime.unicamp.br>
sent to Prof. David Sontag <dsontag@cs.nyu.edu>
sent to Prof. Mahdi Cheraghchi <cheraghchi@gmail.com>
sent to Dr. Shiva Kasiviswanathan <kasivisw@gmail.com>
sent to Dr. Yonatan Kaspi <yonikaspi@gmail.com>
sent to Dr. Aleksandr Stolyar <sasha.stolyar@alcatel-lucent.com>
sent to Prof. Mung Chiang <chiangm@princeton.edu>
sent to Prof. Azadeh Faridi <azadeh.faridi@upf.edu>
sent to Dr. Nadia Fawaz <nfawaz@linkedin.com>
sent to Prof. Catherine Rosenberg <cath@ece.uwaterloo.ca>
sent to Prof. Nick Bambos <bambos@stanford.edu>
sent to Prof. Gabor Lugosi <gabor.lugosi@gmail.com>
sent to Prof. Eitan Altman <eitan.altman@sophia.inria.fr>
sent to Prof. Anima Anandkumar <anima@caltech.edu>
sent to Prof. Mokshay Madiman <madiman@udel.edu>
sent to Prof. Thomas Dietterich <tgd@cs.orst.edu>
sent to Prof. Chris Rose <christopher_rose@brown.edu>
sent to Prof. Kenta Kasai <kenta@comm.ss.titech.ac.jp>
sent to Prof. Negar Kiyavash <kiyavash@illinois.edu>
sent to Dr. Nihat Ay <nihat.ay@mis.mpg.de>
sent to Prof. Liza Levina <elevina@umich.edu>
sent to Prof. Ben Recht <brecht@berkeley.edu>
sent to Prof. Harrison Zhou <huibin.zhou@yale.edu>
sent to Peter Buhlmann <buhlmann@stat.math.ethz.ch>
sent to Christophe Chamley <chamley@pse.ens.fr>
sent to Jene-Rene Chazottes <jeanrene@cpht.polytechnique.fr>
sent to Sandrine Dudoit <sandrine@stat.berkeley.edu>
sent to Jayanta Ghosh <ghosh@stat.purdue.edu>
sent to Heike Jänicke <h.jaenicke@swansea.ac.uk>
sent to Dr. Aryeh Kontorovich <karyeh@cs.bgu.ac.il>
sent to Prof. Steffen Lauritzen <steffen@stats.ox.ac.uk>
sent to Eric Smith <desmith@santafe.edu>
sent to Hugo Touchette <h.touchette@qmul.ac.uk>
sent to Prof. Sara van de Geer <geer@stat.math.ethz.ch>
sent to Prof. Frank Wood <fwood@stat.columbia.edu>
sent to Prof. Ramon van Handel <rvan@princeton.edu>
sent to Prof. Simon Litsyn <litsyn@eng.tau.ac.il>
sent to Prof. Janise McNair <mcnair@ufl.edu>
sent to Prof. Peter Bartlett <bartlett@eecs.berkeley.edu>
sent to Prof. Kristin Bennett <bennek@rpi.edu>
sent to Prof. David Blei <blei@cs.princeton.edu>
sent to Prof. Avrim Blum <avrim@cs.cmu.edu>
sent to Prof. William Cohen <wcohen@cs.cmu.edu>
sent to Prof. Michael Collins <mcollins@csail.mit.edu>
sent to Dr. Corinna Cortes <corinna@google.com>
sent to Prof. Nello Cristianini <nello.cristianini@gmail.com>
sent to Prof. Tijl De Bie <tijl.debie@gmail.com>
sent to Mr. Luc Devroye <lucdevroye@gmail.com>
sent to Prof. William Freeman <billf@mit.edu>
sent to Dr. Alexey Urivskiy <alexey.urivskiy@mail.ru>
sent to Prof. Stuart Geman <stuart_geman@brown.edu>
sent to Prof. Zoubin Ghahramani <zoubin@eng.cam.ac.uk>
sent to Prof. Thomas Hofmann <th@cs.brown.edu>
sent to Prof. Marcelo Firer <mfirer@ime.unicamp.br>
sent to Prof. Charles Isbell <isbell@cc.gatech.edu>
sent to Prof. Thorsten Joachims <tj@cs.cornell.edu>
sent to Dr. Sham Kakade <sham@cs.washington.edu>
sent to Prof. Daphne Koller <koller@cs.stanford.edu>
sent to Prof. Guy Lebanon <lebanon@cc.gatech.edu>
sent to Prof. Michael Littman <mlittman@cs.rutgers.edu>
sent to Dr. Chris Meek <meek@microsoft.com>
sent to Dr. Tom Mitchell <tom.mitchell@cmu.edu>
sent to Prof. Mehryar Mohri <mehryar_mohri@cs.nyu.edu>
sent to Prof. Nathan Srebro <nati@ttic.edu>
sent to Prof. Andrew Moore <awm@cs.cmu.edu>
sent to Prof. Radford Neal <radford@cs.utoronto.ca>
sent to Prof. David MacKay <mackay@mrao.cam.ac.uk>
sent to Dr. John Platt <jplatt@microsoft.com>
sent to Dr. Gunnar Raetsch <raetsch@cbio.mskcc.org>
sent to Dr. Noam Slonim <noams@il.ibm.com>
sent to Prof. Bernhard Scholkopf <bernhard.schoelkopf@tuebingen.mpg.de>
sent to Prof. Sebastian Seung <seung@mit.edu>
sent to Prof. Satinder Singh <baveja@umich.edu>
sent to Prof. Alex Smola <alex@smola.org>
sent to Prof. Peter Stone <pstone@cs.utexas.edu>
sent to Prof. Josh Tenenbaum <jbt@mit.edu>
sent to Dr. Yee Whye Teh <ywteh@gatsby.ucl.ac.uk>
sent to Prof. Daphna Weinshall <daphna@cs.huji.ac.il>
sent to Dr. Kilian Weinberger <kqw4@cornell.edu>
sent to Dr. Saharon Rosset <saharon@post.tau.ac.il>
sent to Dr. Katya Scheinberg <katyascheinberg@gmail.com>
sent to Prof. David Haussler <haussler@soe.ucsc.edu>
sent to Dr. Jean-Philippe Vert <jean-philippe.vert@mines.org>
sent to Prof. George Tzanetakis <gtzan@cs.uvic.ca>
sent to Prof. Dan Ellis <dpwe@ee.columbia.edu>
sent to Prof. Roger Dannenberg <rbd+@cs.cmu.edu>
sent to Dr. Oscar Celma <ocelma@gmail.com>
sent to Dr. Masataka Goto <m.goto@aist.go.jp>
sent to Dr. Douglas Eck <deck@google.com>
sent to Prof. Juan Bello <jpbello@nyu.edu>
sent to Prof. Yann LeCun <yann@cs.nyu.edu>
sent to Prof. Marc Pollefeys <marc.pollefeys@inf.ethz.ch>
sent to Prof. Carlo Tomasi <tomasi@cs.duke.edu>
sent to Prof. Raj Rao Nadakuditi <rajnrao@umich.edu>
sent to Dr. Hironori Uchikawa <hironori.uchikawa@me.com>
sent to Dr. Paul Lamere <paul@echonest.com>
sent to Dr. Nicolas Bitouze <nicolas.bitouze@gmail.com>
sent to Prof. Michael Mitzenmacher <michaelm@eecs.harvard.edu>
sent to Prof. Albert Guillen i Fabregas <guillen@ieee.org>
sent to Prof. Jose Moura <moura@ece.cmu.edu>
sent to Prof. Warren Gross <warren.gross@mcgill.ca>
sent to Dr. Yeliz Tokgoz <ytokgoz@qualcomm.com>
sent to Dr. Fatemeh Fazel <fatemeh.fazel@gmail.com>
sent to Prof. Jiashun Jin <jiashun@stat.cmu.edu>
sent to Prof. Alejandro Dominguez-Garcia <aledan@illinois.edu>
sent to Prof. Denka Kutzarova <denka@math.uiuc.edu>
sent to Prof. Kevin Ford <ford@math.uiuc.edu>
sent to Prof. David Burshtein <burstyn@eng.tau.ac.il>
sent to Prof. Steve Hanneke <steve.hanneke@gmail.com>
sent to Prof. Sariel Har-Peled <sariel@cs.uiuc.edu>
sent to Dr. Howard Karloff <karloff@yahoo-inc.com>
sent to Dr. Ravi Kumar <ravi.k53@gmail.com>
sent to Dr. Frank McSherry <mcsherry@gmail.com&#8203;>
sent to Dr. Nina Mishra <nmishra@gmail.com>
sent to Dr. Muthu Muthukrishnan <muthu muthukrishnan <muthu@slinky.cs.nyu.edu>>
sent to Dr. David Pennock <dp@nnock.com>
sent to Prof. Rocco Servedio <rocco@cs.columbia.edu>
sent to Prof. Tao Shi <taoshi@stat.osu.edu>
sent to Dr. Aleksandrs Slivkins <slivkins@microsoft.com>
sent to Prof. Csaba Szepesvari <szepesva@cs.ualberta.ca>
sent to Prof. Santosh Vempala <vempala@cc.gatech.edu>
sent to Prof. Tong Zhang <tzhang@stat.rutgers.edu>
sent to Prof. Suresh Venkatasubramanian <suresh@cs.utah.edu>
sent to Prof. Bruno Pelletier <bruno.pelletier@univ-rennes2.fr>
sent to Prof. Kyeongcheol Yang <kcyang@postech.ac.kr>
sent to Dr. Kwang Taik Kim <shine.kim@gmail.com>
sent to Prof. Faming Liang <fliang@stat.tamu.edu>
sent to Prof. Yuguo Chen <yuguo@illinois.edu>
sent to Prof. Milica Stojanovic <millitsa@mit.edu>
sent to Prof. Elchanan Mossel <elmos@mit.edu>
sent to Prof. Jungwoo Lee <junglee@snu.ac.kr>
sent to Prof. Byonghyo Shim <bshim@snu.ac.kr>
sent to Prof. Cosma Shalizi <cshalizi@stat.cmu.edu>
sent to Prof. Clayton Scott <clayscot@umich.edu>
sent to Dr. Inyup Kang <inyup.kang@gmail.com>
sent to Dr. Ayfer Ozgur <aozgur@stanford.edu>
sent to Prof. Osman Yagan <oyagan@ece.cmu.edu>
sent to Prof. Nicola Elia <nelia@iastate.edu>
sent to Prof. Xiao-Li Meng <meng@stat.harvard.edu>
sent to Prof. David Donoho <donoho@stat.stanford.edu>
sent to Prof. Karim Lounici <klounici@math.gatech.edu>
sent to Prof. Jay Bartroff <ita+deceased_email.Bartroff.Jay.2998@ucsd.edu>
sent to Dr. Eren Sasoglu <eren@eecs.berkeley.edu>
sent to Dr. Ashutosh Nayyar <anayyar@umich.edu>
sent to Prof. Shaddin Dughmi <shaddin@usc.edu>
sent to Prof. Changho Suh <chsuh@kaist.ac.kr>
sent to Prof. Ravi Tandon <tandonr@email.arizona.edu>
sent to Dr. Matt Hoffman <matt@matthewdhoffman.com>
sent to Mr. Ananda Suresh <asuresh@ucsd.edu>
sent to Prof. William Massey <wmassey@princeton.edu>
sent to Mr. Karthikeyan Shanmugam <karthikeyanshanmugam88@gmail.com>
sent to Prof. Yisong Yue <yyue@caltech.edu>
sent to Dr. Ryan Gabrys <ryan.gabrys@gmail.com>
sent to Prof. Alexandra Kolla <alexandra.kolla@colorado.edu>
sent to Prof. Sridhar Mahadevan <mahadeva@cs.umass.edu>
sent to Prof. Hui Zou <hzou@stat.umn.edu>
sent to Dr. Samy Bengio <bengio@google.com>
sent to Prof. Tom Griffiths <tom_griffiths@berkeley.edu>
sent to Prof. Carlos Guestrin <guestrin@cs.washington.edu>
sent to Prof. Jure Leskovec <jure@cs.stanford.edu>
sent to Prof. Fei-Fei Li <feifeili@cs.stanford.edu>
sent to Prof. Stuart Russell <russell@cs.berkeley.edu>
sent to Prof. Jenn Vaughan <jenn@cs.ucla.edu>
sent to Prof. Judea Pearl <judea@cs.ucla.edu>
sent to Prof. Chris Manning <manning@cs.stanford.edu>
sent to Prof. Lawrence Carin <lcarin@ece.duke.edu>
sent to Dr. Leon Bottou <leon@bottou.org>
sent to Dr. David Mimno <mimno@cs.princeton.edu>
sent to Prof. Arindam Banerjee <banerjee@cs.umn.edu>
sent to Prof. Kristen Grauman <grauman@cs.utexas.edu>
sent to Prof. Cynthia Rudin <rudin@mit.edu>
sent to Dr. Ofer Dekel <oferd@microsoft.com>
sent to Prof. Shai Ben-David <shai@cs.uwaterloo.ca>
sent to Prof. David Dunson <dunson@stat.duke.edu>
sent to Dr. Katherine Heller <kheller@mit.edu>
sent to Prof. Peter Frazier <pf98@cornell.edu>
sent to Prof. Antonio Torralba <torralba@csail.mit.edu>
sent to Prof. Derek Hoiem <dhoiem@uiuc.edu>
sent to Dr. Sameer Agarwal <sagarwal@cs.washington.edu>
sent to Prof. Ming-Hsuan Yang <mhyang@ucmerced.edu>
sent to Prof. Zhuowen Tu <zhuowen.tu@gmail.com>
sent to Prof. Charless Fowlkes <fowlkes@ics.uci.edu>
sent to Prof. Deva Ramanan <deva@cs.cmu.edu>
sent to Prof. Nina Pilipchuk <pilipchuk.nina@gmail.com>
sent to Prof. Aude Oliva <oliva@csail.mit.edu>
sent to Prof. David Forsyth <daf@uiuc.edu>
sent to Prof. Martial Hebert <hebert@ri.cmu.edu>
sent to Prof. Anil Jain <jain@cse.msu.edu>
sent to Prof. Daniel Kersten <kersten@umn.edu>
sent to Prof. Jitendra Malik <malik@eecs.berkeley.edu>
sent to Prof. Edward Adelson <adelson@csail.mit.edu>
sent to Prof. Narendra Ahuja <ahuja@vision.ai.uiuc.edu>
sent to Prof. J.K. Aggarwal <aggarwaljk@mail.utexas.edu>
sent to Prof. Alexander (Alex) Berg <aberg@cs.stonybrook.edu>
sent to Prof. Tamara Berg <tlberg@cs.sunysb.edu>
sent to Prof. Rama Chellappa <rama@umiacs.umd.edu>
sent to Prof. David Cooper <cooper@lems.brown.edu>
sent to Prof. Jason Corso <jjcorso@eecs.umich.edu>
sent to Prof. Trevor Darrell <trevor@eecs.berkeley.edu>
sent to Prof. James DiCarlo <dicarlo@mit.edu>
sent to Prof. Fredo Durand <fredo@mit.edu>
sent to Prof. Alexei Efros <efros@cs.cmu.edu>
sent to Prof. Pedro Felzenszwalb <pff@cs.uchicago.edu>
sent to Prof. Rob Fergus <fergus@cs.nyu.edu>
sent to Prof. Jack Gallant <gallant@berkeley.edu>
sent to Prof. Donald Geman <geman@jhu.edu>
sent to Prof. Polina Golland <fern@csail.mit.edu>
sent to Prof. Steven Gortler <sjg@cs.harvard.edu>
sent to Prof. James Hays <hays@cs.brown.edu>
sent to Prof. Aaron Hertzmann <hertzman@dgp.toronto.edu>
sent to Prof. Qiang Ji <qji@ecse.rpi.edu>
sent to Prof. Benjamin Kimia <kimia@lems.brown.edu>
sent to Prof. Svetlana Lazebnik <lazebnik@cs.unc.edu>
sent to Dr. Ce Liu <celiu@microsoft.com>
sent to Prof. David Lowe <lowe@cs.ubc.ca>
sent to Dr. Scott McCloskey <scott@cim.mcgill.ca>
sent to Prof. Dimitris Metaxas <dnm@cs.rutgers.edu>
sent to Prof. Tomaso Poggio <tp@ai.mit.edu>
sent to Dr. Visvanathan Ramesh <visvanathan.ramesh@siemens.com>
sent to Prof. Anand Rangarajan <anand@cise.ufl.edu>
sent to Prof. Ruth Rosenholtz <rruth@mit.edu>
sent to Prof. Guillermo Sapiro <guille@ece.umn.edu>
sent to Prof. Silvio Savarese <silvio@eecs.umich.edu>
sent to Dr. Harpreet Sawhney <harpeet.sawhney@sri.com>
sent to Dr. Cordelia Schmid <cordelia.schmid@inrialpes.fr>
sent to Prof. Steven Seitz <seitz@cs.washington.edu>
sent to Prof. Eero Simoncelli <eero.simoncelli@nyu.edu>
sent to Prof. Erik Sudderth <sudderth@uci.edu>
sent to Prof. Stefano Soatto <soatto@ucla.edu>
sent to Dr. Rong Yan <yanrong@gmail.com>
sent to Prof. Sinisa Todorovic <sinisa@eecs.oregonstate.edu>
sent to Dr. Kai Yu <kai.yu.cool@gmail.com>
sent to Prof. Song-Chun Zhu <sczhu@cs.ucla.edu>
sent to Prof. Andrew Zisserman <andrew.zisserman@eng.ox.ac.uk>
sent to Prof. Sidney Resnick <sir1@cornell.edu>
sent to Prof. Guerino Mazzola <mazzola@umn.edu>
sent to Prof. Gunnar Carlsson <gunnar@math.stanford.edu>
sent to Prof. Petar Popovski <petarp@es.aau.dk>
sent to Prof. Sachin Katti <skatti@stanford.edu>
sent to Dr. Varun Kanade <vkanade@eecs.berkeley.edu>
sent to Prof. Maytal Saar-Tsechansky <maytal.saar-tsechansky@mccombs.utexas.edu>
sent to Dr. Ryan Canolty <rcanolty@gmail.com>
sent to Prof. Grigory Kabatiansky <kaba@iitp.ru>
sent to Dr. Donatello Materassi <donatello.materassi@gmail.com>
sent to Prof. Larry Wasserman <larry@stat.cmu.edu>
sent to Prof. Vijay Bhargava <vijayb@ece.ubc.ca>
sent to Dr. Ligong Wang <ligong.wang@ensea.fr>
sent to Prof. Kenneth Rose <rose@ece.ucsb.edu>
sent to Prof. Hong-Yeop Song <hysong@yonsei.ac.kr>
sent to Prof. Andreas Winter <andreas.winter@uab.cat>
sent to Prof. Yasamin Mostofi <ymostofi@ece.ucsb.edu>
sent to Prof. Karl Rohe <karlrohe@stat.wisc.edu>
sent to Dr. Alan Barbieri <alanb@qti.qualcomm.com>
sent to Prof. D. Manjunath <dmanju@ee.iitb.ac.in>
sent to Prof. Vinod Sharma <vinod@ece.iisc.ernet.in>
sent to Prof. A. Chockalingam <achockal@iisc.ac.in>
sent to Prof. Rajesh Sundaresan <rajeshs@iisc.ac.in>
sent to Dr. Chandra Murthy <cmurthy@ece.iisc.ernet.in>
sent to Prof. Rahul Vaze <vaze@tcs.tifr.res.in>
sent to Prof. Jessie Jeng <xjjeng@ncsu.edu>
sent to Dr. Itzhak Tamo <tamo@post.tau.ac.il>
sent to Prof. Gregory Valiant <valiant@stanford.edu>
sent to Prof. Carolyn Beck <beck3@illinois.edu>
sent to Dr. Amir Ingber <ingber@yahoo-inc.com>
sent to Prof. William Bialek <wbialek@princeton.edu>
sent to Prof. Matthias Seeger <matthias.seeger@epfl.ch>
sent to Prof. Percy Liang <percyliang@gmail.com>
sent to Prof. Dan Klein <klein@cs.berkeley.edu>
sent to Prof. Stephen P. Boyd <boyd@stanford.edu>
sent to Prof. Debashis Paul <debashis@wald.ucdavis.edu>
sent to Prof. Emily Fox <ebfox@stat.washington.edu>
sent to Dr. Parastoo Sadeghi <parastoo.sadeghi@anu.edu.au>
sent to Dr. Jinwoo Shin <jshin@us.ibm.com>
sent to Prof. Rebecca Willett <rmwillett@wisc.edu>
sent to Dr. Kenneth Shum <wkshum@inc.cuhk.edu.hk>
sent to Dr. Ashish Kapoor <akapoor@microsoft.com>
sent to Dr. Nan Ma <nanma@eecs.berkeley.edu>
sent to Prof. Alessandro Rinaldo <arinaldo@cmu.edu>
sent to Prof. Taylan Cemgil <taylan.cemgil@boun.edu.tr>
sent to Prof. Amr Ahmed <amahmed@cs.cmu.edu>
sent to Prof. Vishy Vishwanathan <vishy@stat.purdue.edu>
sent to Dr. Leonard Grokop <lgrokop@qualcomm.com>
sent to Dr. Ambuj Tewari <ambuj@cs.utexas.edu>
sent to Prof. Dina Katabi <dina@csail.mit.edu>
sent to Dr. Ivan Tashev <ivantash@microsoft.com>
sent to Dr. Farzad Farnoud <farzad@virginia.edu>
sent to Prof. Taesup Moon <tsmoon@gmail.com>
sent to Prof. Guy Bresler <guy@mit.edu>
sent to Prof. Laura Balzano <girasole@umich.edu>
sent to Dr. Yair Noam <noamyair@stanford.edu>
sent to Dr. Xiao (Simon) Li <xiaoli@berkeley.edu>
sent to Prof. Yashodhan Kanoria <ykanoria@gmail.com>
sent to Prof. Garud Iyengar <garud@ieor.columbia.edu>
sent to Mr. Shyamnath Gollakota <gshyam@mit.edu>
sent to Prof. Amin Karbasi <amin.karbasi@gmail.com>
sent to Prof. Adam Wierman <sydney@caltech.edu>
sent to Mr. Jeihyuck Song <jeihyuck.song@samsung.com>
sent to Dr. Yuval Benjamini <yuvalben@stanford.edu>
sent to Prof. Mos Kaveh <mos@umn.edu>
sent to Dr. Prateek Jain <prajain@microsoft.com>
sent to Dr. Manik Varma <manik@microsoft.com>
sent to Dr. Pablo M. Olmos <olmos@tsc.uc3m.es>
sent to Dr. Dvir Falik <zeev.dvir@gmail.com>
sent to Dr. Ahmad Beirami <ahmad.beirami@gmail.com>
sent to Dr. Zhi Tian <ztian@nsf.gov>
sent to Dr. Anthony Joseph <antony.joseph@stat.berkeley.edu>
sent to Dr. Hau-tieng Wu <hauwu@berkeley.edu>
sent to Prof. Aditya Guntuboyina <aditya@stat.berkeley.edu>
sent to Prof. Barna Saha <barna@cs.umass.edu>
sent to Prof. Sang Kim <swkim@iastate.edu>
sent to Prof. Yeow Meng Chee <ymchee@ntu.edu.sg>
sent to Prof. Warren Powell <powell@princeton.edu>
sent to Prof. Savas Dayanik <sdayanik@bilkent.edu.tr>
sent to Dr. Urs Niesen <urs.niesen@ieee.org>
sent to Dr. Anelia Somekh-Baruch <anelia.somekhbaruch@gmail.com>
sent to Dr. Tugkan Batu <t.batu@lse.ac.uk>
sent to Dr. Alexandr Andoni <andoni@mit.edu>
sent to Prof. Peter Orbanz <p.orbanz@eng.cam.ac.uk>
sent to Prof. Balazs Szegedy <szegedyb@gmail.com>
sent to Dr. David Woodruff <dpwoodru@us.ibm.com>
sent to Prof. Chaoping Xing <xingcp@ntu.edu.sg>
sent to Prof. Frederique Oggier <frederique@ntu.edu.sg>
sent to Prof. Rudolf Mathar <mathar@ti.rwth-aachen.de>
sent to Prof. Eduard Jorswieck <eduard.jorswieck@tu-dresden.de>
sent to Prof. Lars K. Rasmussen <lars.rasmussen@ieee.org>
sent to Prof. Mikael Skoglund <skoglund.kth@gmail.com>
sent to Dr. Tobias Oechtering <tobias.oechtering@gmail.com>
sent to Prof. Giuseppe Durisi <durisi@chalmers.se>
sent to Prof. Waheed Bajwa <waheed.bajwa@rutgers.edu>
sent to Prof. Lin Zhang <linzhang@mail.tsinghua.edu.cn>
sent to Dr. Wonjong Rhee <wrhee@assia-inc.com>
sent to Prof. Yuejie Chi <yuejiechi@cmu.edu>
sent to Prof. Sivaraman Balakrishnan <siva@stat.cmu.edu>
sent to Prof. Maryam Fazel <mfazel@ee.washington.edu>
sent to Dr. Laurent Lessard <laurent.lessard@control.lth.se>
sent to Prof. Mihailo Jovanovic <mihailo@usc.edu>
sent to Prof. Makan Fardad <makan@syr.edu>
sent to Prof. Abdol-Reza Mansouri <mansouri@mast.queensu.ca>
sent to Prof. Michael Lemmon <michael.d.lemmon.1@nd.edu>
sent to Dr. Fred Hadaegh <fred.y.hadaegh@jpl.nasa.gov   >
sent to Prof. Vikram Krishnamurthy <vikramk@ece.ubc.ca>
sent to Prof. Jean Walrand <walrand@berkeley.edu>
sent to Prof. Ameet Talwalkar <atalwalkar@gmail.com>
sent to Prof. Andreas Burg <andreas.burg@epfl.ch>
sent to Dr. Yunfei Ma <yunfeima@mit.edu>
sent to Prof. Ali Sayed <sayed@ee.ucla.edu>
sent to Prof. I-Hong Hou <ihou@tamu.edu>
sent to Prof. Bernhard Haeupler <haeupler@alum.mit.edu>
sent to Dr. Sudeep Kamath <sudeep.kamath@gmail.com>
sent to Prof. Usman Khan <khan@ece.tufts.edu>
sent to Ms. Betty Chan <bchan@broadcom.com>
sent to Prof. Vladimir Koltchinskii <vlad@math.gatech.edu>
sent to Dr. Carlos Gomez-Uribe <cgomez@netflix.com>
sent to Dr. Sreeram Kannan <k.sreeram@gmail.com>
sent to Dr. Yudong Chen <yudong.chen@cornell.edu>
sent to Prof. Na Li <nali@seas.harvard.edu>
sent to Prof. Victoria Kostina <vkostina@caltech.edu>
sent to Dr. Yucel Altug <yaltug@princeton.edu>
sent to Prof. Aly El Gamal <alyelgamal@gmail.com>
sent to Dr. Naveen Goela <ngoela@alum.mit.edu>
sent to Prof. Yanlin Geng <gengyanlin@gmail.com>
sent to Prof. Aldebaro Klautau <aldebaro.klautau@gmail.com>
sent to Prof. Tony Cai <tcai@wharton.upenn.edu>
sent to Prof. Anthony Kuh <kuh@hawaii.edu>
sent to Ms. Jie Cheng <jieche@umich.edu>
sent to Prof. Ramtin Pedarsani <ramtin@ece.ucsb.edu>
sent to Dr. Siddharth Barman <barman@caltech.edu>
sent to Dr. Christoph Studer <studer@cornell.edu>
sent to Dr. Vishal Patel <pvishalm@umd.edu>
sent to Dr. Mingyue Ji <mingyue.ji@utah.edu>
sent to Dr. Changhong Zhao <changhong.zhao@nrel.gov>
sent to Dr. Himanshu Tyagi <htyagi@iisc.ac.in>
sent to Dr. Mary Wootters <marykw@stanford.edu>
sent to Dr. Fuyun Ling <fuyun_ling@hotmail.com>
sent to Prof. Philippe Rigollet <rigollet@math.mit.edu>
sent to Prof. Ankur Moitra <moitra@mit.edu>
sent to Dr. Rong Ge <rongge@microsoft.com>
sent to Prof. Pradeep Khosla <pkhosla@ucsd.edu>
sent to Dr. Albert Pisano <deanpisano@eng.ucsd.edu>
sent to Prof. Namrata Vaswani <namrata@iastate.edu>
sent to Dr. Adria Tauste <adria.tauste@upf.edu>
sent to Prof. Soummya Kar <soummyak@andrew.cmu.edu>
sent to Mr. Garvesh Raskutti <garveshr@stat.berkeley.edu>
sent to Prof. Jeffrey Leek <jleek@jhsph.edu>
sent to Prof. Elizabeth Purdom <epurdom@stat.berkeley.edu>
sent to Prof. Haiyan Huang <hhuang@stat.berkeley.edu>
sent to Prof. Thomas Strohmer <strohmer@math.ucdavis.edu>
sent to Prof. Rachel Ward <rward@math.utexas.edu>
sent to Dr. Hassan Mansour <mansour@merl.com>
sent to Prof. Shun Watanabe <shun.watanabe2@gmail.com>
sent to Prof. Oded Regev <regev@cims.nyu.edu>
sent to Prof. Gillat Kol <gillat.kol@gmail.com>
sent to Prof. Byron Yu <byronyu@cmu.edu>
sent to Dr. Lakshminarayan Srinivasan <ls2@nsplab.org>
sent to Prof. John Cunningham <jpc2181@columbia.edu>
sent to Prof. Rakesh Bansal <rkb@iitk.ac.in>
sent to Prof. Vince Vu <vqv@stat.osu.edu>
sent to Prof. Lev Reyzin <lev.reyzin@gmail.com>
sent to Mr. Quentin Berthet <qberthet@princeton.edu>
sent to Prof. Jae Hong Lee <jhlee@snu.ac.kr>
sent to Prof. John Barry <barryece.gatech.edu>
sent to Prof. Emre Ertin <ertin.1@osu.edu>
sent to Prof. Douglas Cochran <cochran@asu.edu>
sent to Dr. Tara Sainath <tsainath@us.ibm.com>
sent to Mr. Marc'Aurelio Ranzato <ranzato@cs.nyu.edu>
sent to Prof. Moez Draief <m.draief@imperial.ac.uk>
sent to Prof. Amites Sarkar <amites.sarkar@wwu.edu>
sent to Prof. Alireza Tahbaz-Salehi <alirezat@columbia.edu>
sent to Prof. Girish Nair <gnair@unimelb.edu.au>
sent to Prof. George Papanicolaou <papanicolaou@stanford.edu>
sent to Prof. Luca Schenato <schenato@dei.unipd.it>
sent to Dr. Alfonso Martinez <alfonso.martinez@ieee.org>
sent to Prof. Andrew Thangaraj <andrew@ee.iitm.ac.in>
sent to Prof. Sebastian Pokutta <sebastian.pokutta@isye.gatech.edu>
sent to Dr. Jossy Sayir <j.sayir@ieee.org>
sent to Dr. Tobias Koch <tokoch@ieee.org>
sent to Prof. Jawad Salehi <jasalehi@sharif.edu>
sent to Prof. Masoumeh Nasiri-Kenar <mnkenari@gmail.com>
sent to Prof. Mohammad Aref <aref@sharif.edu>
sent to Prof. Farshad Lahouti <lahouti@caltech.edu>
sent to Prof. Ernst Gabidulin <ernst.gabidulin@gmail.com>
sent to Prof. Giorgio Taricco <gtaricco@ieee.org>
sent to Mr. Mahdi Soltanolkotabi <soltanol@usc.edu>
sent to Dr. George Mathew <george.mathew@lsi.com>
sent to Prof. Sahand Negahban <sahandn@gmail.com>
sent to Prof. Patrick P. C. Lee <pclee@cse.cuhk.edu.hk>
sent to Dr. Amir Yehudayoff <amir.yehudayoff@gmail.com>
sent to Dr. Oded Margalit <odedm@il.ibm.com>
sent to Prof. Jeff Lichtman <jeff@mcb.harvard.edu>
sent to Prof. Ozgur Yilmaz <oyilmaz@math.ubc.ca>
sent to Prof. Sivan Sabato <sabatos@cs.bgu.ac.il>
sent to Dr. Alekh Agarwal <alekha@microsoft.com>
sent to Dr. Ran Gilad-Bachrach <rang@microsoft.com>
sent to Prof. Karthik Sridharan <sridharan@cs.cornell.edu>
sent to Dr. Moritz Hardt <mhardt@us.ibm.com>
sent to Prof. Dan Roth <danr@illinois.edu>
sent to Dr. Lihong Li <lihongli@microsoft.com>
sent to Prof. Raquel Urtasun <urtasun@cs.toronto.edu>
sent to Prof. Greg Shakhnarovich <gregory@ttic.edu>
sent to Dr. Umang Bhaskar <umang@caltech.edu>
sent to Prof. Luis Rademacher <lrademac@ucdavis.edu>
sent to Prof. David Declercq <declercq@ensea.fr>
sent to Dr. Michael Kleber <michael.kleber@gmail.com>
sent to Prof. Christiane Frougny <christiane.frougny@liafa.univ-paris-diderot.fr>
sent to Prof. Fredrik Brannstrom <fredrik.brannstrom@chalmers.se>
sent to Prof. Concettina Guerra <guerra@cc.gatech.edu>
sent to Prof. Duncan Callaway <dcal@berkeley.edu>
sent to Prof. Hamed Mohsenian-Rad <hamed@ee.ucr.edu>
sent to Prof. Florian Dorfler <dorfler@ethz.ch>
sent to Prof. Jing Yang <yangjing@psu.edu>
sent to Prof. Hendrik Ferreira <hcferreira@uj.ac.za>
sent to Ms. Ruth Urner <ruth.urner@gmail.com>
sent to Prof. Gauri Joshi <gaurij@andrew.cmu.edu>
sent to Prof. Christoph Mecklenbrauker <christoph.mecklenbraeuker@tuwien.ac.at>
sent to Dr. Ilan Shomorony <ilan.shomorony@berkeley.edu>
sent to Prof. Greg Ver Steeg <gregv@isi.edu>
sent to Dr. Yair Yona <yairyo99@ucla.edu>
sent to Dr. Yonathan Morin <moriny@stanford.edu>
sent to Dr. Joe Neeman <joeneeman@gmail.com>
sent to Dr. Ronit Bustin <ronit.bustin@gmail.com>
sent to Dr. Yanina Shkel <yshkel@princeton.edu>
sent to Dr. Or Ordentlich <or.ordentlich@mail.huji.ac.il>
sent to Dr. Parinaz Naghizadeh <naghizad@umich.edu>
sent to Prof. Angel Lozano <angel.lozano@upf.edu>
sent to Dr. Gireeja Ranade <giranade@microsoft.com>
sent to Prof. Zhengdao Wang <zhengdao@iastate.edu>
sent to Dr. Jonathan Scarlett <jmscarlett@gmail.com>
sent to Dr. Gautam Dasarathy <gautamd@rice.edu>
sent to Dr. Klim Efremenko <klimefrem@gmail.com>
sent to Dr. Tareq Al-Naffouri <tareq.alnaffouri@kaust.edu.sa>
sent to Prof. Subhonmesh Bose <boses@illinois.edu>
sent to Dr. Stefan M. Moser <stefan.moser@ieee.org>
sent to Prof. Patrick Mitran <pmitran@uwaterloo.ca>
sent to Prof. Caroline Uhler <cuhler@mit.edu>
sent to Prof. Marco Levorato <levorato@uci.edu>
sent to Prof. Deanna Needell <deanna@math.ucla.edu>
sent to Prof. Christof Koch <christofk@alleninstitute.org>
sent to Prof. Ivona Bezakova <ib@cs.rit.edu>
sent to Prof. Omer Reingold <omer.reingold@gmail.com>
sent to Prof. Tamara Broderick <tab@stat.berkeley.edu>
sent to Prof. John Duchi <jduchi@stanford.edu>
sent to Prof. Venkat Chandrasekaran <venkatc@caltech.edu>
sent to Prof. Ilias Diakonikolas <iliasdiakonikolas@gmail.com>
sent to Prof. Jonathan Pillow <pillow@mail.utexas.edu>
sent to Dr. Aditya Vempaty <avempat@us.ibm.com>
sent to Prof. Aditya Bhaskara <bhaskaraaditya@gmail.com>
sent to Prof. Gilad Lerman <lerman@umn.edu>
sent to Prof. Stefanie Jegelka <stefje@csail.mit.edu>
sent to Prof. Ping Li <pingli@stat.rutgers.edu>
sent to Prof. Lorenzo Rosasco <lrosasco@mit.edu>
sent to Dr. Or Sheffet <osheffet@seas.harvard.edu>
sent to Prof. Suvrit Sra <suvrit@gmail.com>
sent to Prof. Edoardo Airoldi <airoldi@stat.harvard.edu>
sent to Mr. Benjamin Miller <bamiller@ll.mit.edu>
sent to Prof. Facundo Memoli <memoli@math.osu.edu>
sent to Mr. Piyush Srivastava <piyushs@caltech.edu>
sent to Dr. Morteza Zadimoghaddam <zadim@google.com>
sent to Dr. Li Zhang <liqzhang@yahoo.com>
sent to Dr. Michael Riley <riley@google.com>
sent to Dr. Adriano Pastore <adriano.pastore@epfl.ch>
sent to Mr. Veniamin Morgenshtern <vmorgen@stanford.edu>
sent to Dr. Guy Rothblum <rothblum@alum.mit.edu>
sent to Dr. Michael Lentmaier <michael.lentmaier@eit.lth.se>
sent to Prof. Olivier Rioul <olivier.rioul@telecom-paristech.fr>
sent to Prof. Alistair Sinclair <sinclair@cs.berkeley.edu>
sent to Prof. Jarvis Haupt <jdhaupt@umn.edu>
sent to Prof. Chee Wei Tan <cheewtan@gmail.com>
sent to Mr. Akshay Krishnamurthy <akshaykr@cs.cmu.edu>
sent to Prof. Iain Johnstone <imj@stanford.edu>
sent to Prof. B. Aditya Prakash <badityap@cs.vt.edu>
sent to Dr. Aiyou Chen <aiyouchen@google.com>
sent to Dr. Nicolas Verzelen <nicolas.verzelen@supagro.inra.fr>
sent to Mr. Teng Zhang <teng.zhang@ucf.edu>
sent to Prof. Babak Shahbaba <babaks@uci.edu>
sent to Prof. Borja Peleato <bpeleato@purdue.edu>
sent to Prof. Aleksandr Aravkin <sasha.aravkin@gmail.com>
sent to Prof. Dustin Mixon <dustin.mixon@afit.edu>
sent to Prof. Amir Khandani <khandani@uwaterloo.ca>
sent to Dr. Javad B. Ebrahimi <javad.ebrahimi@gmail.com>
sent to Prof. Liang-Liang Xie <llxie@uwaterloo.ca>
sent to Prof. Ran Raz <ran.raz@weizmann.ac.il>
sent to Prof. Sanjeev Arora <arora@cs.princeton.edu>
sent to Prof. Swastik Kopparty <swastik.kopparty@rutgers.edu>
sent to Prof. Shubhangi Saraf <shubhangi.saraf@rutgers.edu>
sent to Prof. Raghu Meka <raghuvardhan@gmail.com>
sent to Dr. Noga Ron-Zewi <nogazewi@ias.edu>
sent to Prof. Joel Spencer <spencer@cims.nyu.edu>
sent to Prof. Assaf Naor <naor@math.princeton.edu>
sent to Prof. Anup Rao <anuprao@cs.washington.edu>
sent to Prof. Emanuele Viola <viola@ccs.neu.edu>
sent to Prof. Dana Moshkovitz <dmoshkov@mit.edu>
sent to Prof. Scott Aaronson <aaronson@csail.mit.edu>
sent to Prof. Jelani Nelson <minilek@seas.harvard.edu>
sent to Prof. Leslie Valiant <valiant@seas.harvard.edu>
sent to Prof. Salil Vadhan <salil@seas.harvard.edu>
sent to Prof. Luca Trevisan <luca@berkeley.edu>
sent to Prof. Abraham Lempel <abraham.lempel@gmail.com>
sent to Dr. Rotem Oshman <rotem.oshman@gmail.com>
sent to Dr. Siu-Wai Ho <siuwai.ho@unisa.edu.au>
sent to Dr. Marco Dalai <marco.dalai@unibs.it>
sent to Dr. Christos Boutsidis <christos.boutsidis@gmail.com>
sent to Dr. Michael Kapralov <michael.kapralov@gmail.com>
sent to Mr. Huy Nguyen <huylenguyen@gmail.com>
sent to Prof. Mark Iwen <markiwen@math.msu.edu>
sent to Prof. Gilles Zémor <zemor@math.u-bordeaux.fr>
sent to Prof. Varun Jog <vjog@wisc.edu>
sent to Prof. Nicolo Michelusi <michelus@purdue.edu>
sent to Prof. Eitan Bachmat <ebachmat@cs.bgu.ac.il>
sent to Dr. Joseph Gonzalez <jegonzal@eecs.berkeley.edu>
sent to Prof. Iwan Duursma <duursma@illinois.edu>
sent to Dr. Anoosheh Heidarzadeh <anoosheh@ieee.org>
sent to Prof. John Paisley <jpaisley@columbia.edu>
sent to Prof. Elisabeth Gassiat <elisabeth.gassiat@math.u-psud.fr>
sent to Dr. Hoang Dau <dausonhoang84@gmail.com>
sent to Prof. Ermin Wei <ermin.wei@northwestern.edu>
sent to Prof. Evdokia Nikolova <nikolova@austin.utexas.edu>
sent to Dr. Aranyak Mehta <aranyak.mehta@gmail.com>
sent to Dr. Andrew Harms <andrew.harms@duke.edu>
sent to Dr. Raef Bassily <rbassily@ucsd.edu>
sent to Prof. Seok-Ho Chang <seokho1205@gmail.com>
sent to Prof. Mladen Kolar <mkolar@chicagobooth.edu>
sent to Dr. Zhi Yang <eleyangz@gmail.com>
sent to Prof. Sanmi Koyejo <sanmi.k@gmail.com>
sent to Prof. Atila Abdulkadiroglu <aa88@duke.edu>
sent to Prof. Ralf Muller <ralf.r.mueller@fau.de>
sent to Dr. Mark Riedl <riedl@cc.gatech.edu>
sent to Prof. Nuria Gonzalez-Prelcic <nuria@gts.uvigo.es>
sent to Dr. Jayram Thathachar <jayram@us.ibm.com>
sent to Prof. Geraint Wiggins <geraint.wiggins@qmul.ac.uk>
sent to Dr. Oriol Vinyals <vinyals@google.com>
sent to Dr. Ravi Kannan <kannan@microsoft.com>
sent to Prof. Luca Tallini <luca.tallini@polimi.it>
sent to Dr. Anatoly Khina <khina@caltech.edu>
sent to Prof. Rafael Schaefer <rafael.schaefer@tu-berlin.de>
sent to Prof. Mahnoosh Alizadeh <alizadeh@ece.ucsb.edu>
sent to Prof. Yin Sun <yzs0078@auburn.edu>
sent to Dr. Krishna Ratakonda <ratakond@us.ibm.com>
sent to Dr. Marco Mondelli <marco.mondelli89@gmail.com>
sent to Dr. Aaditya Ramdas <aramdas@berkeley.edu>
sent to Mr. Pranjal Awasthi <pawashti@princeton.edu>
sent to Dr. Soheil Feizi <sfeizi@stanford.edu>
sent to Mr. Paul Bogdan <pbogdan@usc.edu>
sent to Ms. Mina Karzand <mkarzand@mit.edu>
sent to Prof. Jia Liu <jialiu@iastate.edu>
sent to Dr. James Foulds <jrfoulds@gmail.com>
sent to Prof. Siva Theja Maguluri <siva.theja@gmail.com>
sent to Mr. Shuming Cao <s5cao@ucsd.edu>
sent to Prof. Invitee Test <lexcome@qq.com>
sent to Dr. Alvaro Martin <almartin@fing.edu.uy>
sent to Dr. Po-Ling Loh <loh@wharton.upenn.edu>
sent to Dr. Alp Kucukelbir <alp@cs.columbia.edu>
sent to Prof. Behtash Babadi <behtash@umd.edu>
sent to Prof. Chinmay Hegde <chinmay@iastate.edu>
sent to Prof. Giulia Fanti <gfanti@andrew.cmu.edu>
sent to Dr. Antonio Marques <antonio.garcia.marques@urjc.es>
sent to Prof. Keshab Parhi <parhi@umn.edu>
sent to Prof. Hao Zhu <haozhu@illinois.edu>
sent to Prof. San Ling <lingsan@ntu.edu.sg>
sent to Dr. David Wasserman <wasserma@spawar.navy.mil>
sent to Mr. Harry Buhrman <buhrman@cwi.nl>
sent to Dr. Lenka Zdeborova <lenka.zdeborova@gmail.com>
sent to Prof. Florent Krzakala <florent.krzakala@ens.fr>
sent to Dr. Ulrike von Luxburg <luxburg@informatik.uni-hamburg.de>
sent to Dr. Aaron Roth <aaroth@cis.upenn.edu>
sent to Dr. Tadashi Tokieda <tokieda@dpmms.cam.ac.uk>
sent to Prof. Pablo Parrilo <parrilo@mit.edu>
sent to Dr. Jennifer Rexford <jrex@cs.princeton.edu>
sent to Dr. Noam Nisan <noam@cs.huji.ac.il>
sent to Prof. Ted Rapapport <ted.rappaport@nyu.edu>
sent to Prof. Stephan ten Brink <tenbrink@inue.uni-stuttgart.de>
sent to Prof. Vincent Lau <eeknlau@ee.ust.hk>
sent to Dr. Peter Winzer <peter.winzer@bell-labs.com>
sent to Dr. Reinaldo Valenzuela <reinaldo.valenzuela@alcatel-lucent.com>
sent to Dr. Rene-Jean Essiambre <rene.essiambre@nokia-bell-labs.com>
sent to Dr. Ziv Bar Yossef <zivby@ee.technion.ac.il>
sent to Dr. Prabhakar Raghavan <praph@acm.org>
sent to Dr. Avhishek Chatterjee <avhishek@utexas.edu>
sent to Prof. Richard Gitlin <richgitlin@usf.edu>
sent to Prof. Surya Ganguli <sganguli@stanford.edu>
sent to Dr. Omur Ozel <omurozel@gmail.com>
sent to Dr. Gil Cohen <coheng@gmail.com>
sent to Prof. Hau-Tieng Wu <hauwu@math.toronto.edu>
sent to Dr. Mohammad Alizadeh <alizadeh@csail.mit.edu>
sent to Prof. Matthias Grossglauser <matthias.grossglauser@epfl.ch>
sent to Prof. Onur Kaya <onur.kaya@isikun.edu.tr>
sent to Prof. Javad Ghaderi <jghaderi@ee.columbia.edu>
sent to Dr. Afonso Bandeira <bandeira@mit.edu>
sent to Prof. Jiaming Xu <xu972@purdue.edu>
sent to Prof. Xinyu Zhang <xyzhang@ece.wisc.edu>
sent to Prof. Kobbi Nissim <kobbi@seas.harvard.edu>
sent to Dr. Marcelo Weinberger <marcwein@ieee.org>
sent to Prof. Long Nguyen <xuanlong@umich.edu>
sent to Prof. Erik Andersen <eland@cs.cornell.edu>
sent to Dr. Kush Varshney <krvarshn@us.ibm.com>
sent to Dr. Shilpa Talwar <shilpa.talwar@intel.com>
sent to Prof. Ram Rajagopal <ram.rajagopal@stanford.edu>
sent to Dr. ashutosh nayyar <ashutosh@usc.edu>
sent to Dr. Ashutosh Nayyar <ashutosn@usc.edu>
sent to Dr. George Varghese <varghese@microsoft.com>
sent to Prof. Arnab Bhattacharyya <arbhat@gmail.com>
sent to Prof. Eric Price <ecprice@cs.utexas.edu>
sent to Dr. Jingge Zhu <jingge.zhu@berkeley.edu>
sent to Dr. Reinhard Heckel <heckel@berkeley.edu>
sent to Dr. Marc Vuffray <vuffray@lanl.gov>
sent to Dr. Yi Ouyang <ouyangyii@gmail.com>
sent to Dr. Saiprasad Ravishankar <ravisha@umich.edu>
sent to Dr. Peter Kairouz <kairouzp@stanford.edu>
sent to Dr. Krishnamurthy Dvijotham <dvij@cs.washington.edu>
sent to Dr. Clement Canonne <ccanonne@cs.stanford.edu>
sent to Dr. Martina Cardone <cardo089@umn.edu>
sent to Mr. Matt Grob <ita+default_email.Grob.Matt.4376@ucsd.edu>
sent to Mr. Arvind Krishna <ita+default_email.Krishna.Arvind.4377@ucsd.edu>
sent to Prof. Tandy Warnow <ita+default_email.Warnow.Tandy.4378@ucsd.edu>
sent to Prof. Zachary Lipton <zlipton@cmu.edu>
sent to Dr. Sohail Bahmani <sohail.bahmani@ece.gatech.edu>
sent to Dr. Andre Wibisono <wibisono@berkeley.edu>
sent to Dr. Fragkiskos Malliaros <fmalliaros@ucsd.edu>
sent to Dr. Netanel Raviv <netanel.raviv@gmail.com>
sent to Prof. Jason Lee <jasondlee88@gmail.com>
sent to Prof. Martin Haardt <martin.haardt@tu-ilmenau.de>
sent to Prof. Salman Asif <sasif@ece.ucr.edu>
sent to Prof. Adel Javanmard <ajavanma@usc.edu>
sent to Prof. Omri Weinstein <omri@cs.columbia.edu>
sent to Prof. Abhradeep Thakurta <guhathakurta.abhradeep@gmail.com>
sent to Prof. Athina Petropulu <athinap@rutgers.edu>
sent to Prof. Yuxin Chen <yuxin.chen@princeton.edu>
sent to Dr. Han Mao Kiah <hmkiah@ntu.edu.sg>
sent to Mr. Aryan Mokhtari <aryanm@mit.edu>
sent to Prof. Peter Trifonov <petert@dcn.icc.spbstu.ru>
sent to Dr. Anshumali Shrivastava <anshumali@rice.edu>
sent to Mr. Behnam Neyshabur <bneyshabur@ias.edu>
sent to Prof. David Levin <dlevin@uoregon.edu>
sent to Prof. Michael Pursley <pursley@clemson.edu>
sent to Dr. Francois Leduc-Primeau <francois.leduc-primeau@lacime.etsmtl.ca>
sent to Mr. Hamed Hassani <hasani.s.h@gmail.com>
sent to Prof. Vagelis Papalexakis <epapalex@cs.ucr.edu>
sent to Dr. Amirali Kia <amirali.kia@gmail.com>
sent to Dr. Fernando Perez <fperez@lbl.gov>
sent to Dr. Gabi Sarkis <gsarkis@qti.qualcomm.com>
sent to Mr. Ahmed Arafa <arafa@umd.edu>
sent to Mr. Meisam Razaviyayn <razaviya@usc.edu>
sent to Mr. Lieven De Lathauwer <lieven.delathauwer@kuleuven.be>
sent to Dr. Rasoul Etesami <etesami1@illinois.edu>
sent to Dr. Alireza Aghasi <aaghasi@gsu.edu>
sent to Dr. Tatiana Tatarenko <ttataren@asu.edu>
sent to Dr. Yu Xiang <yuxiang@seas.harvard.edu>
sent to Dr. Aditya Viswanathan <adityavv@umich.edu>
sent to Dr. Thang Huynh <tlh007@ucsd.edu>
sent to Dr. Ahmed Arafa <aarafa@princeton.edu>
sent to Dr. Suriya Gunasekar <suriya@ttic.edu>
sent to Prof. Ari Juels <juels@cornell.edu>
sent to Dr. Benjamin M. Zaidel <benjamin.zaidel@gmail.com>
1105 total emails sent
